I'm sorry, but errors were detected in your script. Please correct the
errors listed below, and try again.


File "game/resources.rpy", line 39: python block expects a non-empty block.
    init python:
                ^

Ren'Py Version: Ren'Py 7.4.3.1414
Sat Mar 27 13:15:58 2021
